Utilisation des paramètres de lancement à partir de C:\Users\Eithing\source\repos\EYNWA_Quizz\backend\Properties\launchSettings.json...
Génération...
C:\Users\Eithing\source\repos\EYNWA_Quizz\backend\QuizParty.Api.csproj : warning NU1903: Le package 'Microsoft.OpenApi' 2.0.0 présente une vulnérabilité de gravité élevé(e) connue, https://github.com/advisories/GHSA-v5pm-xwqc-g5wc.
C:\Users\Eithing\source\repos\EYNWA_Quizz\backend\QuizParty.Api.csproj : warning NU1903: Le package 'SQLitePCLRaw.lib.e_sqlite3' 2.1.11 présente une vulnérabilité de gravité élevé(e) connue, https://github.com/advisories/GHSA-2m69-gcr7-jv3q.
C:\Users\Eithing\source\repos\EYNWA_Quizz\backend\QuizParty.Api.csproj : warning NU1903: Le package 'Microsoft.OpenApi' 2.0.0 présente une vulnérabilité de gravité élevé(e) connue, https://github.com/advisories/GHSA-v5pm-xwqc-g5wc.
C:\Users\Eithing\source\repos\EYNWA_Quizz\backend\QuizParty.Api.csproj : warning NU1903: Le package 'SQLitePCLRaw.lib.e_sqlite3' 2.1.11 présente une vulnérabilité de gravité élevé(e) connue, https://github.com/advisories/GHSA-2m69-gcr7-jv3q.
info: Microsoft.EntityFrameworkCore.Migrations[20411]
      Acquiring an exclusive lock for migration application. See https://aka.ms/efcore-docs-migrations-lock for more information if this takes too long.
info: Microsoft.EntityFrameworkCore.Database.Command[20101]
      Executed DbCommand (12ms) [Parameters=[], CommandType='Text', CommandTimeout='30']
      SELECT COUNT(*) FROM "sqlite_master" WHERE "name" = '__EFMigrationsLock' AND "type" = 'table';
info: Microsoft.EntityFrameworkCore.Database.Command[20101]
      Executed DbCommand (3ms) [Parameters=[], CommandType='Text', CommandTimeout='30']
      INSERT OR IGNORE INTO "__EFMigrationsLock"("Id", "Timestamp") VALUES(1, '2026-07-25 22:52:48.4693614+00:00');
      SELECT changes();
info: Microsoft.EntityFrameworkCore.Database.Command[20101]
      Executed DbCommand (0ms) [Parameters=[], CommandType='Text', CommandTimeout='30']
      CREATE TABLE IF NOT EXISTS "__EFMigrationsHistory" (
          "MigrationId" TEXT NOT NULL CONSTRAINT "PK___EFMigrationsHistory" PRIMARY KEY,
          "ProductVersion" TEXT NOT NULL
      );
info: Microsoft.EntityFrameworkCore.Database.Command[20101]
      Executed DbCommand (0ms) [Parameters=[], CommandType='Text', CommandTimeout='30']
      SELECT COUNT(*) FROM "sqlite_master" WHERE "name" = '__EFMigrationsHistory' AND "type" = 'table';
info: Microsoft.EntityFrameworkCore.Database.Command[20101]
      Executed DbCommand (0ms) [Parameters=[], CommandType='Text', CommandTimeout='30']
      SELECT "MigrationId", "ProductVersion"
      FROM "__EFMigrationsHistory"
      ORDER BY "MigrationId";
info: Microsoft.EntityFrameworkCore.Migrations[20405]
      No migrations were applied. The database is already up to date.
info: Microsoft.EntityFrameworkCore.Database.Command[20101]
      Executed DbCommand (2ms) [Parameters=[], CommandType='Text', CommandTimeout='30']
      DELETE FROM "__EFMigrationsLock";
info: Microsoft.Hosting.Lifetime[14]
      Now listening on: http://localhost:5100
info: Microsoft.Hosting.Lifetime[0]
      Application started. Press Ctrl+C to shut down.
info: Microsoft.Hosting.Lifetime[0]
      Hosting environment: Development
info: Microsoft.Hosting.Lifetime[0]
      Content root path: C:\Users\Eithing\source\repos\EYNWA_Quizz\backend
info: Microsoft.EntityFrameworkCore.Database.Command[20101]
      Executed DbCommand (3ms) [Parameters=[@token='?' (Size = 8)], CommandType='Text', CommandTimeout='30']
      SELECT "g0"."Id", "g0"."CreatedAt", "g0"."CurrentQuestionIndex", "g0"."CurrentQuestionStartedAt", "g0"."CurrentRoundIndex", "g0"."ExpiresAt", "g0"."InviteToken", "g0"."PausedAt", "g0"."QuizId", "g0"."ScoreboardVisible", "g0"."Status", "p"."Id", "p"."ConnectionToken", "p"."JoinedAt", "p"."Pseudo", "p"."SessionId"
      FROM (
          SELECT "g"."Id", "g"."CreatedAt", "g"."CurrentQuestionIndex", "g"."CurrentQuestionStartedAt", "g"."CurrentRoundIndex", "g"."ExpiresAt", "g"."InviteToken", "g"."PausedAt", "g"."QuizId", "g"."ScoreboardVisible", "g"."Status"
          FROM "GameSessions" AS "g"
          WHERE "g"."InviteToken" = @token
          LIMIT 2
      ) AS "g0"
      LEFT JOIN "Players" AS "p" ON "g0"."Id" = "p"."SessionId"
      ORDER BY "g0"."Id"
warn: Microsoft.EntityFrameworkCore.Query[20504]
      Compiling a query which loads related collections for more than one collection navigation, either via 'Include' or through projection, but no 'QuerySplittingBehavior' has been configured. By default, Entity Framework will use 'QuerySplittingBehavior.SingleQuery', which can potentially result in slow query performance. See https://go.microsoft.com/fwlink/?linkid=2134277 for more information. To identify the query that's triggering this warning call 'ConfigureWarnings(w => w.Throw(RelationalEventId.MultipleCollectionIncludeWarning))'.
info: Microsoft.EntityFrameworkCore.Database.Command[20101]
      Executed DbCommand (1ms) [Parameters=[@session_QuizId='?' (DbType = Int32)], CommandType='Text', CommandTimeout='30']
      SELECT "q1"."Id", "q1"."CreatedAt", "q1"."Description", "q1"."OwnerId", "q1"."Title", "q1"."UpdatedAt", "s"."Id", "s"."ConfigJson", "s"."FeatureTypeKey", "s"."Order", "s"."QuizId", "s"."Title", "s"."Id0", "s"."Order0", "s"."PayloadJson", "s"."RoundId"
      FROM (
          SELECT "q"."Id", "q"."CreatedAt", "q"."Description", "q"."OwnerId", "q"."Title", "q"."UpdatedAt"
          FROM "Quizzes" AS "q"
          WHERE "q"."Id" = @session_QuizId
          LIMIT 2
      ) AS "q1"
      LEFT JOIN (
          SELECT "r"."Id", "r"."ConfigJson", "r"."FeatureTypeKey", "r"."Order", "r"."QuizId", "r"."Title", "q0"."Id" AS "Id0", "q0"."Order" AS "Order0", "q0"."PayloadJson", "q0"."RoundId"
          FROM "Rounds" AS "r"
          LEFT JOIN "Questions" AS "q0" ON "r"."Id" = "q0"."RoundId"
      ) AS "s" ON "q1"."Id" = "s"."QuizId"
      ORDER BY "q1"."Id", "s"."Id"
info: Microsoft.EntityFrameworkCore.Database.Command[20101]
      Executed DbCommand (0ms) [Parameters=[@session_Id='?' (DbType = Int32), @question_Id='?' (DbType = Int32)], CommandType='Text', CommandTimeout='30']
      SELECT COUNT(*)
      FROM "Answers" AS "a"
      WHERE "a"."SessionId" = @session_Id AND "a"."QuestionId" = @question_Id AND "a"."IsCorrect"
info: Microsoft.EntityFrameworkCore.Database.Command[20101]
      Executed DbCommand (0ms) [Parameters=[@session_Id='?' (DbType = Int32), @question_Id='?' (DbType = Int32)], CommandType='Text', CommandTimeout='30']
      SELECT COUNT(*)
      FROM "Answers" AS "a"
      WHERE "a"."SessionId" = @session_Id AND "a"."QuestionId" = @question_Id AND "a"."IsCorrect"
info: Microsoft.EntityFrameworkCore.Database.Command[20101]
      Executed DbCommand (1ms) [Parameters=[@p2='?' (DbType = Int32), @p0='?' (DbType = DateTime), @p1='?' (Size = 8)], CommandType='Text', CommandTimeout='30']
      UPDATE "GameSessions" SET "CurrentQuestionStartedAt" = @p0, "Status" = @p1
      WHERE "Id" = @p2
      RETURNING 1;
info: Microsoft.EntityFrameworkCore.Database.Command[20101]
      Executed DbCommand (0ms) [Parameters=[@sessionId='?' (DbType = Int32)], CommandType='Text', CommandTimeout='30']
      SELECT "a"."PlayerId", COALESCE(SUM("a"."PointsAwarded"), 0) AS "Total"
      FROM "Answers" AS "a"
      WHERE "a"."SessionId" = @sessionId
      GROUP BY "a"."PlayerId"
info: Microsoft.EntityFrameworkCore.Database.Command[20101]
      Executed DbCommand (0ms) [Parameters=[@sessionId='?' (DbType = Int32)], CommandType='Text', CommandTimeout='30']
      SELECT "s"."PlayerId", COALESCE(SUM("s"."Delta"), 0) AS "Total"
      FROM "ScoreAdjustments" AS "s"
      WHERE "s"."SessionId" = @sessionId
      GROUP BY "s"."PlayerId"
info: Microsoft.EntityFrameworkCore.Database.Command[20101]
      Executed DbCommand (0ms) [Parameters=[@sessionId='?' (DbType = Int32)], CommandType='Text', CommandTimeout='30']
      SELECT "a"."PlayerId", COALESCE(SUM("a"."PointsAwarded"), 0) AS "Total"
      FROM "Answers" AS "a"
      WHERE "a"."SessionId" = @sessionId
      GROUP BY "a"."PlayerId"
info: Microsoft.EntityFrameworkCore.Database.Command[20101]
      Executed DbCommand (0ms) [Parameters=[@sessionId='?' (DbType = Int32)], CommandType='Text', CommandTimeout='30']
      SELECT "s"."PlayerId", COALESCE(SUM("s"."Delta"), 0) AS "Total"
      FROM "ScoreAdjustments" AS "s"
      WHERE "s"."SessionId" = @sessionId
      GROUP BY "s"."PlayerId"
info: Microsoft.EntityFrameworkCore.Database.Command[20101]
      Executed DbCommand (0ms) [Parameters=[@token='?' (Size = 8)], CommandType='Text', CommandTimeout='30']
      SELECT "g0"."Id", "g0"."CreatedAt", "g0"."CurrentQuestionIndex", "g0"."CurrentQuestionStartedAt", "g0"."CurrentRoundIndex", "g0"."ExpiresAt", "g0"."InviteToken", "g0"."PausedAt", "g0"."QuizId", "g0"."ScoreboardVisible", "g0"."Status", "p"."Id", "p"."ConnectionToken", "p"."JoinedAt", "p"."Pseudo", "p"."SessionId"
      FROM (
          SELECT "g"."Id", "g"."CreatedAt", "g"."CurrentQuestionIndex", "g"."CurrentQuestionStartedAt", "g"."CurrentRoundIndex", "g"."ExpiresAt", "g"."InviteToken", "g"."PausedAt", "g"."QuizId", "g"."ScoreboardVisible", "g"."Status"
          FROM "GameSessions" AS "g"
          WHERE "g"."InviteToken" = @token
          LIMIT 2
      ) AS "g0"
      LEFT JOIN "Players" AS "p" ON "g0"."Id" = "p"."SessionId"
      ORDER BY "g0"."Id"
info: Microsoft.EntityFrameworkCore.Database.Command[20101]
      Executed DbCommand (0ms) [Parameters=[@session_QuizId='?' (DbType = Int32)], CommandType='Text', CommandTimeout='30']
      SELECT "q1"."Id", "q1"."CreatedAt", "q1"."Description", "q1"."OwnerId", "q1"."Title", "q1"."UpdatedAt", "s"."Id", "s"."ConfigJson", "s"."FeatureTypeKey", "s"."Order", "s"."QuizId", "s"."Title", "s"."Id0", "s"."Order0", "s"."PayloadJson", "s"."RoundId"
      FROM (
          SELECT "q"."Id", "q"."CreatedAt", "q"."Description", "q"."OwnerId", "q"."Title", "q"."UpdatedAt"
          FROM "Quizzes" AS "q"
          WHERE "q"."Id" = @session_QuizId
          LIMIT 2
      ) AS "q1"
      LEFT JOIN (
          SELECT "r"."Id", "r"."ConfigJson", "r"."FeatureTypeKey", "r"."Order", "r"."QuizId", "r"."Title", "q0"."Id" AS "Id0", "q0"."Order" AS "Order0", "q0"."PayloadJson", "q0"."RoundId"
          FROM "Rounds" AS "r"
          LEFT JOIN "Questions" AS "q0" ON "r"."Id" = "q0"."RoundId"
      ) AS "s" ON "q1"."Id" = "s"."QuizId"
      ORDER BY "q1"."Id", "s"."Id"
info: Microsoft.EntityFrameworkCore.Database.Command[20101]
      Executed DbCommand (0ms) [Parameters=[@sessionId='?' (DbType = Int32)], CommandType='Text', CommandTimeout='30']
      SELECT "a"."PlayerId", COALESCE(SUM("a"."PointsAwarded"), 0) AS "Total"
      FROM "Answers" AS "a"
      WHERE "a"."SessionId" = @sessionId
      GROUP BY "a"."PlayerId"
info: Microsoft.EntityFrameworkCore.Database.Command[20101]
      Executed DbCommand (0ms) [Parameters=[@sessionId='?' (DbType = Int32)], CommandType='Text', CommandTimeout='30']
      SELECT "s"."PlayerId", COALESCE(SUM("s"."Delta"), 0) AS "Total"
      FROM "ScoreAdjustments" AS "s"
      WHERE "s"."SessionId" = @sessionId
      GROUP BY "s"."PlayerId"
info: Microsoft.EntityFrameworkCore.Database.Command[20101]
      Executed DbCommand (0ms) [Parameters=[@token='?' (Size = 8)], CommandType='Text', CommandTimeout='30']
      SELECT "g0"."Id", "g0"."CreatedAt", "g0"."CurrentQuestionIndex", "g0"."CurrentQuestionStartedAt", "g0"."CurrentRoundIndex", "g0"."ExpiresAt", "g0"."InviteToken", "g0"."PausedAt", "g0"."QuizId", "g0"."ScoreboardVisible", "g0"."Status", "p"."Id", "p"."ConnectionToken", "p"."JoinedAt", "p"."Pseudo", "p"."SessionId"
      FROM (
          SELECT "g"."Id", "g"."CreatedAt", "g"."CurrentQuestionIndex", "g"."CurrentQuestionStartedAt", "g"."CurrentRoundIndex", "g"."ExpiresAt", "g"."InviteToken", "g"."PausedAt", "g"."QuizId", "g"."ScoreboardVisible", "g"."Status"
          FROM "GameSessions" AS "g"
          WHERE "g"."InviteToken" = @token
          LIMIT 2
      ) AS "g0"
      LEFT JOIN "Players" AS "p" ON "g0"."Id" = "p"."SessionId"
      ORDER BY "g0"."Id"
info: Microsoft.EntityFrameworkCore.Database.Command[20101]
      Executed DbCommand (0ms) [Parameters=[@session_QuizId='?' (DbType = Int32)], CommandType='Text', CommandTimeout='30']
      SELECT "q1"."Id", "q1"."CreatedAt", "q1"."Description", "q1"."OwnerId", "q1"."Title", "q1"."UpdatedAt", "s"."Id", "s"."ConfigJson", "s"."FeatureTypeKey", "s"."Order", "s"."QuizId", "s"."Title", "s"."Id0", "s"."Order0", "s"."PayloadJson", "s"."RoundId"
      FROM (
          SELECT "q"."Id", "q"."CreatedAt", "q"."Description", "q"."OwnerId", "q"."Title", "q"."UpdatedAt"
          FROM "Quizzes" AS "q"
          WHERE "q"."Id" = @session_QuizId
          LIMIT 2
      ) AS "q1"
      LEFT JOIN (
          SELECT "r"."Id", "r"."ConfigJson", "r"."FeatureTypeKey", "r"."Order", "r"."QuizId", "r"."Title", "q0"."Id" AS "Id0", "q0"."Order" AS "Order0", "q0"."PayloadJson", "q0"."RoundId"
          FROM "Rounds" AS "r"
          LEFT JOIN "Questions" AS "q0" ON "r"."Id" = "q0"."RoundId"
      ) AS "s" ON "q1"."Id" = "s"."QuizId"
      ORDER BY "q1"."Id", "s"."Id"
info: Microsoft.EntityFrameworkCore.Database.Command[20101]
      Executed DbCommand (0ms) [Parameters=[@sessionId='?' (DbType = Int32)], CommandType='Text', CommandTimeout='30']
      SELECT "a"."PlayerId", COALESCE(SUM("a"."PointsAwarded"), 0) AS "Total"
      FROM "Answers" AS "a"
      WHERE "a"."SessionId" = @sessionId
      GROUP BY "a"."PlayerId"
info: Microsoft.EntityFrameworkCore.Database.Command[20101]
      Executed DbCommand (0ms) [Parameters=[@sessionId='?' (DbType = Int32)], CommandType='Text', CommandTimeout='30']
      SELECT "s"."PlayerId", COALESCE(SUM("s"."Delta"), 0) AS "Total"
      FROM "ScoreAdjustments" AS "s"
      WHERE "s"."SessionId" = @sessionId
      GROUP BY "s"."PlayerId"
info: Microsoft.EntityFrameworkCore.Database.Command[20101]
      Executed DbCommand (0ms) [Parameters=[@token='?' (Size = 8)], CommandType='Text', CommandTimeout='30']
      SELECT "g0"."Id", "g0"."CreatedAt", "g0"."CurrentQuestionIndex", "g0"."CurrentQuestionStartedAt", "g0"."CurrentRoundIndex", "g0"."ExpiresAt", "g0"."InviteToken", "g0"."PausedAt", "g0"."QuizId", "g0"."ScoreboardVisible", "g0"."Status", "p"."Id", "p"."ConnectionToken", "p"."JoinedAt", "p"."Pseudo", "p"."SessionId"
      FROM (
          SELECT "g"."Id", "g"."CreatedAt", "g"."CurrentQuestionIndex", "g"."CurrentQuestionStartedAt", "g"."CurrentRoundIndex", "g"."ExpiresAt", "g"."InviteToken", "g"."PausedAt", "g"."QuizId", "g"."ScoreboardVisible", "g"."Status"
          FROM "GameSessions" AS "g"
          WHERE "g"."InviteToken" = @token
          LIMIT 2
      ) AS "g0"
      LEFT JOIN "Players" AS "p" ON "g0"."Id" = "p"."SessionId"
      ORDER BY "g0"."Id"
info: Microsoft.EntityFrameworkCore.Database.Command[20101]
      Executed DbCommand (0ms) [Parameters=[@session_QuizId='?' (DbType = Int32)], CommandType='Text', CommandTimeout='30']
      SELECT "q1"."Id", "q1"."CreatedAt", "q1"."Description", "q1"."OwnerId", "q1"."Title", "q1"."UpdatedAt", "s"."Id", "s"."ConfigJson", "s"."FeatureTypeKey", "s"."Order", "s"."QuizId", "s"."Title", "s"."Id0", "s"."Order0", "s"."PayloadJson", "s"."RoundId"
      FROM (
          SELECT "q"."Id", "q"."CreatedAt", "q"."Description", "q"."OwnerId", "q"."Title", "q"."UpdatedAt"
          FROM "Quizzes" AS "q"
          WHERE "q"."Id" = @session_QuizId
          LIMIT 2
      ) AS "q1"
      LEFT JOIN (
          SELECT "r"."Id", "r"."ConfigJson", "r"."FeatureTypeKey", "r"."Order", "r"."QuizId", "r"."Title", "q0"."Id" AS "Id0", "q0"."Order" AS "Order0", "q0"."PayloadJson", "q0"."RoundId"
          FROM "Rounds" AS "r"
          LEFT JOIN "Questions" AS "q0" ON "r"."Id" = "q0"."RoundId"
      ) AS "s" ON "q1"."Id" = "s"."QuizId"
      ORDER BY "q1"."Id", "s"."Id"
info: Microsoft.EntityFrameworkCore.Database.Command[20101]
      Executed DbCommand (0ms) [Parameters=[@sessionId='?' (DbType = Int32)], CommandType='Text', CommandTimeout='30']
      SELECT "a"."PlayerId", COALESCE(SUM("a"."PointsAwarded"), 0) AS "Total"
      FROM "Answers" AS "a"
      WHERE "a"."SessionId" = @sessionId
      GROUP BY "a"."PlayerId"
info: Microsoft.EntityFrameworkCore.Database.Command[20101]
      Executed DbCommand (0ms) [Parameters=[@sessionId='?' (DbType = Int32)], CommandType='Text', CommandTimeout='30']
      SELECT "s"."PlayerId", COALESCE(SUM("s"."Delta"), 0) AS "Total"
      FROM "ScoreAdjustments" AS "s"
      WHERE "s"."SessionId" = @sessionId
      GROUP BY "s"."PlayerId"
info: Microsoft.EntityFrameworkCore.Database.Command[20101]
      Executed DbCommand (0ms) [Parameters=[@token='?' (Size = 8)], CommandType='Text', CommandTimeout='30']
      SELECT "g0"."Id", "g0"."CreatedAt", "g0"."CurrentQuestionIndex", "g0"."CurrentQuestionStartedAt", "g0"."CurrentRoundIndex", "g0"."ExpiresAt", "g0"."InviteToken", "g0"."PausedAt", "g0"."QuizId", "g0"."ScoreboardVisible", "g0"."Status", "p"."Id", "p"."ConnectionToken", "p"."JoinedAt", "p"."Pseudo", "p"."SessionId"
      FROM (
          SELECT "g"."Id", "g"."CreatedAt", "g"."CurrentQuestionIndex", "g"."CurrentQuestionStartedAt", "g"."CurrentRoundIndex", "g"."ExpiresAt", "g"."InviteToken", "g"."PausedAt", "g"."QuizId", "g"."ScoreboardVisible", "g"."Status"
          FROM "GameSessions" AS "g"
          WHERE "g"."InviteToken" = @token
          LIMIT 2
      ) AS "g0"
      LEFT JOIN "Players" AS "p" ON "g0"."Id" = "p"."SessionId"
      ORDER BY "g0"."Id"
info: Microsoft.EntityFrameworkCore.Database.Command[20101]
      Executed DbCommand (0ms) [Parameters=[@session_QuizId='?' (DbType = Int32)], CommandType='Text', CommandTimeout='30']
      SELECT "q1"."Id", "q1"."CreatedAt", "q1"."Description", "q1"."OwnerId", "q1"."Title", "q1"."UpdatedAt", "s"."Id", "s"."ConfigJson", "s"."FeatureTypeKey", "s"."Order", "s"."QuizId", "s"."Title", "s"."Id0", "s"."Order0", "s"."PayloadJson", "s"."RoundId"
      FROM (
          SELECT "q"."Id", "q"."CreatedAt", "q"."Description", "q"."OwnerId", "q"."Title", "q"."UpdatedAt"
          FROM "Quizzes" AS "q"
          WHERE "q"."Id" = @session_QuizId
          LIMIT 2
      ) AS "q1"
      LEFT JOIN (
          SELECT "r"."Id", "r"."ConfigJson", "r"."FeatureTypeKey", "r"."Order", "r"."QuizId", "r"."Title", "q0"."Id" AS "Id0", "q0"."Order" AS "Order0", "q0"."PayloadJson", "q0"."RoundId"
          FROM "Rounds" AS "r"
          LEFT JOIN "Questions" AS "q0" ON "r"."Id" = "q0"."RoundId"
      ) AS "s" ON "q1"."Id" = "s"."QuizId"
      ORDER BY "q1"."Id", "s"."Id"
info: Microsoft.EntityFrameworkCore.Database.Command[20101]
      Executed DbCommand (0ms) [Parameters=[@sessionId='?' (DbType = Int32)], CommandType='Text', CommandTimeout='30']
      SELECT "a"."PlayerId", COALESCE(SUM("a"."PointsAwarded"), 0) AS "Total"
      FROM "Answers" AS "a"
      WHERE "a"."SessionId" = @sessionId
      GROUP BY "a"."PlayerId"
info: Microsoft.EntityFrameworkCore.Database.Command[20101]
      Executed DbCommand (0ms) [Parameters=[@sessionId='?' (DbType = Int32)], CommandType='Text', CommandTimeout='30']
      SELECT "s"."PlayerId", COALESCE(SUM("s"."Delta"), 0) AS "Total"
      FROM "ScoreAdjustments" AS "s"
      WHERE "s"."SessionId" = @sessionId
      GROUP BY "s"."PlayerId"
info: Microsoft.EntityFrameworkCore.Database.Command[20101]
      Executed DbCommand (0ms) [Parameters=[@token='?' (Size = 8)], CommandType='Text', CommandTimeout='30']
      SELECT "g0"."Id", "g0"."CreatedAt", "g0"."CurrentQuestionIndex", "g0"."CurrentQuestionStartedAt", "g0"."CurrentRoundIndex", "g0"."ExpiresAt", "g0"."InviteToken", "g0"."PausedAt", "g0"."QuizId", "g0"."ScoreboardVisible", "g0"."Status", "p"."Id", "p"."ConnectionToken", "p"."JoinedAt", "p"."Pseudo", "p"."SessionId"
      FROM (
          SELECT "g"."Id", "g"."CreatedAt", "g"."CurrentQuestionIndex", "g"."CurrentQuestionStartedAt", "g"."CurrentRoundIndex", "g"."ExpiresAt", "g"."InviteToken", "g"."PausedAt", "g"."QuizId", "g"."ScoreboardVisible", "g"."Status"
          FROM "GameSessions" AS "g"
          WHERE "g"."InviteToken" = @token
          LIMIT 2
      ) AS "g0"
      LEFT JOIN "Players" AS "p" ON "g0"."Id" = "p"."SessionId"
      ORDER BY "g0"."Id"
info: Microsoft.EntityFrameworkCore.Database.Command[20101]
      Executed DbCommand (0ms) [Parameters=[@session_QuizId='?' (DbType = Int32)], CommandType='Text', CommandTimeout='30']
      SELECT "q1"."Id", "q1"."CreatedAt", "q1"."Description", "q1"."OwnerId", "q1"."Title", "q1"."UpdatedAt", "s"."Id", "s"."ConfigJson", "s"."FeatureTypeKey", "s"."Order", "s"."QuizId", "s"."Title", "s"."Id0", "s"."Order0", "s"."PayloadJson", "s"."RoundId"
      FROM (
          SELECT "q"."Id", "q"."CreatedAt", "q"."Description", "q"."OwnerId", "q"."Title", "q"."UpdatedAt"
          FROM "Quizzes" AS "q"
          WHERE "q"."Id" = @session_QuizId
          LIMIT 2
      ) AS "q1"
      LEFT JOIN (
          SELECT "r"."Id", "r"."ConfigJson", "r"."FeatureTypeKey", "r"."Order", "r"."QuizId", "r"."Title", "q0"."Id" AS "Id0", "q0"."Order" AS "Order0", "q0"."PayloadJson", "q0"."RoundId"
          FROM "Rounds" AS "r"
          LEFT JOIN "Questions" AS "q0" ON "r"."Id" = "q0"."RoundId"
      ) AS "s" ON "q1"."Id" = "s"."QuizId"
      ORDER BY "q1"."Id", "s"."Id"
info: Microsoft.EntityFrameworkCore.Database.Command[20101]
      Executed DbCommand (0ms) [Parameters=[@sessionId='?' (DbType = Int32)], CommandType='Text', CommandTimeout='30']
      SELECT "a"."PlayerId", COALESCE(SUM("a"."PointsAwarded"), 0) AS "Total"
      FROM "Answers" AS "a"
      WHERE "a"."SessionId" = @sessionId
      GROUP BY "a"."PlayerId"
info: Microsoft.EntityFrameworkCore.Database.Command[20101]
      Executed DbCommand (0ms) [Parameters=[@sessionId='?' (DbType = Int32)], CommandType='Text', CommandTimeout='30']
      SELECT "s"."PlayerId", COALESCE(SUM("s"."Delta"), 0) AS "Total"
      FROM "ScoreAdjustments" AS "s"
      WHERE "s"."SessionId" = @sessionId
      GROUP BY "s"."PlayerId"
info: Microsoft.EntityFrameworkCore.Database.Command[20101]
      Executed DbCommand (0ms) [Parameters=[@token='?' (Size = 8)], CommandType='Text', CommandTimeout='30']
      SELECT "g0"."Id", "g0"."CreatedAt", "g0"."CurrentQuestionIndex", "g0"."CurrentQuestionStartedAt", "g0"."CurrentRoundIndex", "g0"."ExpiresAt", "g0"."InviteToken", "g0"."PausedAt", "g0"."QuizId", "g0"."ScoreboardVisible", "g0"."Status", "p"."Id", "p"."ConnectionToken", "p"."JoinedAt", "p"."Pseudo", "p"."SessionId"
      FROM (
          SELECT "g"."Id", "g"."CreatedAt", "g"."CurrentQuestionIndex", "g"."CurrentQuestionStartedAt", "g"."CurrentRoundIndex", "g"."ExpiresAt", "g"."InviteToken", "g"."PausedAt", "g"."QuizId", "g"."ScoreboardVisible", "g"."Status"
          FROM "GameSessions" AS "g"
          WHERE "g"."InviteToken" = @token
          LIMIT 2
      ) AS "g0"
      LEFT JOIN "Players" AS "p" ON "g0"."Id" = "p"."SessionId"
      ORDER BY "g0"."Id"
info: Microsoft.EntityFrameworkCore.Database.Command[20101]
      Executed DbCommand (0ms) [Parameters=[@session_QuizId='?' (DbType = Int32)], CommandType='Text', CommandTimeout='30']
      SELECT "q1"."Id", "q1"."CreatedAt", "q1"."Description", "q1"."OwnerId", "q1"."Title", "q1"."UpdatedAt", "s"."Id", "s"."ConfigJson", "s"."FeatureTypeKey", "s"."Order", "s"."QuizId", "s"."Title", "s"."Id0", "s"."Order0", "s"."PayloadJson", "s"."RoundId"
      FROM (
          SELECT "q"."Id", "q"."CreatedAt", "q"."Description", "q"."OwnerId", "q"."Title", "q"."UpdatedAt"
          FROM "Quizzes" AS "q"
          WHERE "q"."Id" = @session_QuizId
          LIMIT 2
      ) AS "q1"
      LEFT JOIN (
          SELECT "r"."Id", "r"."ConfigJson", "r"."FeatureTypeKey", "r"."Order", "r"."QuizId", "r"."Title", "q0"."Id" AS "Id0", "q0"."Order" AS "Order0", "q0"."PayloadJson", "q0"."RoundId"
          FROM "Rounds" AS "r"
          LEFT JOIN "Questions" AS "q0" ON "r"."Id" = "q0"."RoundId"
      ) AS "s" ON "q1"."Id" = "s"."QuizId"
      ORDER BY "q1"."Id", "s"."Id"
info: Microsoft.EntityFrameworkCore.Database.Command[20101]
      Executed DbCommand (0ms) [Parameters=[@sessionId='?' (DbType = Int32)], CommandType='Text', CommandTimeout='30']
      SELECT "a"."PlayerId", COALESCE(SUM("a"."PointsAwarded"), 0) AS "Total"
      FROM "Answers" AS "a"
      WHERE "a"."SessionId" = @sessionId
      GROUP BY "a"."PlayerId"
info: Microsoft.EntityFrameworkCore.Database.Command[20101]
      Executed DbCommand (0ms) [Parameters=[@sessionId='?' (DbType = Int32)], CommandType='Text', CommandTimeout='30']
      SELECT "s"."PlayerId", COALESCE(SUM("s"."Delta"), 0) AS "Total"
      FROM "ScoreAdjustments" AS "s"
      WHERE "s"."SessionId" = @sessionId
      GROUP BY "s"."PlayerId"
info: Microsoft.EntityFrameworkCore.Database.Command[20101]
      Executed DbCommand (0ms) [Parameters=[@token='?' (Size = 8)], CommandType='Text', CommandTimeout='30']
      SELECT "g0"."Id", "g0"."CreatedAt", "g0"."CurrentQuestionIndex", "g0"."CurrentQuestionStartedAt", "g0"."CurrentRoundIndex", "g0"."ExpiresAt", "g0"."InviteToken", "g0"."PausedAt", "g0"."QuizId", "g0"."ScoreboardVisible", "g0"."Status", "p"."Id", "p"."ConnectionToken", "p"."JoinedAt", "p"."Pseudo", "p"."SessionId"
      FROM (
          SELECT "g"."Id", "g"."CreatedAt", "g"."CurrentQuestionIndex", "g"."CurrentQuestionStartedAt", "g"."CurrentRoundIndex", "g"."ExpiresAt", "g"."InviteToken", "g"."PausedAt", "g"."QuizId", "g"."ScoreboardVisible", "g"."Status"
          FROM "GameSessions" AS "g"
          WHERE "g"."InviteToken" = @token
          LIMIT 2
      ) AS "g0"
      LEFT JOIN "Players" AS "p" ON "g0"."Id" = "p"."SessionId"
      ORDER BY "g0"."Id"
info: Microsoft.EntityFrameworkCore.Database.Command[20101]
      Executed DbCommand (0ms) [Parameters=[@session_QuizId='?' (DbType = Int32)], CommandType='Text', CommandTimeout='30']
      SELECT "q1"."Id", "q1"."CreatedAt", "q1"."Description", "q1"."OwnerId", "q1"."Title", "q1"."UpdatedAt", "s"."Id", "s"."ConfigJson", "s"."FeatureTypeKey", "s"."Order", "s"."QuizId", "s"."Title", "s"."Id0", "s"."Order0", "s"."PayloadJson", "s"."RoundId"
      FROM (
          SELECT "q"."Id", "q"."CreatedAt", "q"."Description", "q"."OwnerId", "q"."Title", "q"."UpdatedAt"
          FROM "Quizzes" AS "q"
          WHERE "q"."Id" = @session_QuizId
          LIMIT 2
      ) AS "q1"
      LEFT JOIN (
          SELECT "r"."Id", "r"."ConfigJson", "r"."FeatureTypeKey", "r"."Order", "r"."QuizId", "r"."Title", "q0"."Id" AS "Id0", "q0"."Order" AS "Order0", "q0"."PayloadJson", "q0"."RoundId"
          FROM "Rounds" AS "r"
          LEFT JOIN "Questions" AS "q0" ON "r"."Id" = "q0"."RoundId"
      ) AS "s" ON "q1"."Id" = "s"."QuizId"
      ORDER BY "q1"."Id", "s"."Id"
info: Microsoft.EntityFrameworkCore.Database.Command[20101]
      Executed DbCommand (0ms) [Parameters=[@sessionId='?' (DbType = Int32)], CommandType='Text', CommandTimeout='30']
      SELECT "a"."PlayerId", COALESCE(SUM("a"."PointsAwarded"), 0) AS "Total"
      FROM "Answers" AS "a"
      WHERE "a"."SessionId" = @sessionId
      GROUP BY "a"."PlayerId"
info: Microsoft.EntityFrameworkCore.Database.Command[20101]
      Executed DbCommand (0ms) [Parameters=[@sessionId='?' (DbType = Int32)], CommandType='Text', CommandTimeout='30']
      SELECT "s"."PlayerId", COALESCE(SUM("s"."Delta"), 0) AS "Total"
      FROM "ScoreAdjustments" AS "s"
      WHERE "s"."SessionId" = @sessionId
      GROUP BY "s"."PlayerId"
info: Microsoft.EntityFrameworkCore.Database.Command[20101]
      Executed DbCommand (0ms) [Parameters=[@token='?' (Size = 8)], CommandType='Text', CommandTimeout='30']
      SELECT "g0"."Id", "g0"."CreatedAt", "g0"."CurrentQuestionIndex", "g0"."CurrentQuestionStartedAt", "g0"."CurrentRoundIndex", "g0"."ExpiresAt", "g0"."InviteToken", "g0"."PausedAt", "g0"."QuizId", "g0"."ScoreboardVisible", "g0"."Status", "p"."Id", "p"."ConnectionToken", "p"."JoinedAt", "p"."Pseudo", "p"."SessionId"
      FROM (
          SELECT "g"."Id", "g"."CreatedAt", "g"."CurrentQuestionIndex", "g"."CurrentQuestionStartedAt", "g"."CurrentRoundIndex", "g"."ExpiresAt", "g"."InviteToken", "g"."PausedAt", "g"."QuizId", "g"."ScoreboardVisible", "g"."Status"
          FROM "GameSessions" AS "g"
          WHERE "g"."InviteToken" = @token
          LIMIT 2
      ) AS "g0"
      LEFT JOIN "Players" AS "p" ON "g0"."Id" = "p"."SessionId"
      ORDER BY "g0"."Id"
info: Microsoft.EntityFrameworkCore.Database.Command[20101]
      Executed DbCommand (0ms) [Parameters=[@session_QuizId='?' (DbType = Int32)], CommandType='Text', CommandTimeout='30']
      SELECT "q1"."Id", "q1"."CreatedAt", "q1"."Description", "q1"."OwnerId", "q1"."Title", "q1"."UpdatedAt", "s"."Id", "s"."ConfigJson", "s"."FeatureTypeKey", "s"."Order", "s"."QuizId", "s"."Title", "s"."Id0", "s"."Order0", "s"."PayloadJson", "s"."RoundId"
      FROM (
          SELECT "q"."Id", "q"."CreatedAt", "q"."Description", "q"."OwnerId", "q"."Title", "q"."UpdatedAt"
          FROM "Quizzes" AS "q"
          WHERE "q"."Id" = @session_QuizId
          LIMIT 2
      ) AS "q1"
      LEFT JOIN (
          SELECT "r"."Id", "r"."ConfigJson", "r"."FeatureTypeKey", "r"."Order", "r"."QuizId", "r"."Title", "q0"."Id" AS "Id0", "q0"."Order" AS "Order0", "q0"."PayloadJson", "q0"."RoundId"
          FROM "Rounds" AS "r"
          LEFT JOIN "Questions" AS "q0" ON "r"."Id" = "q0"."RoundId"
      ) AS "s" ON "q1"."Id" = "s"."QuizId"
      ORDER BY "q1"."Id", "s"."Id"
info: Microsoft.EntityFrameworkCore.Database.Command[20101]
      Executed DbCommand (0ms) [Parameters=[@sessionId='?' (DbType = Int32)], CommandType='Text', CommandTimeout='30']
      SELECT "a"."PlayerId", COALESCE(SUM("a"."PointsAwarded"), 0) AS "Total"
      FROM "Answers" AS "a"
      WHERE "a"."SessionId" = @sessionId
      GROUP BY "a"."PlayerId"
info: Microsoft.EntityFrameworkCore.Database.Command[20101]
      Executed DbCommand (0ms) [Parameters=[@sessionId='?' (DbType = Int32)], CommandType='Text', CommandTimeout='30']
      SELECT "s"."PlayerId", COALESCE(SUM("s"."Delta"), 0) AS "Total"
      FROM "ScoreAdjustments" AS "s"
      WHERE "s"."SessionId" = @sessionId
      GROUP BY "s"."PlayerId"
info: Microsoft.EntityFrameworkCore.Database.Command[20101]
      Executed DbCommand (0ms) [Parameters=[@token='?' (Size = 8)], CommandType='Text', CommandTimeout='30']
      SELECT "g0"."Id", "g0"."CreatedAt", "g0"."CurrentQuestionIndex", "g0"."CurrentQuestionStartedAt", "g0"."CurrentRoundIndex", "g0"."ExpiresAt", "g0"."InviteToken", "g0"."PausedAt", "g0"."QuizId", "g0"."ScoreboardVisible", "g0"."Status", "p"."Id", "p"."ConnectionToken", "p"."JoinedAt", "p"."Pseudo", "p"."SessionId"
      FROM (
          SELECT "g"."Id", "g"."CreatedAt", "g"."CurrentQuestionIndex", "g"."CurrentQuestionStartedAt", "g"."CurrentRoundIndex", "g"."ExpiresAt", "g"."InviteToken", "g"."PausedAt", "g"."QuizId", "g"."ScoreboardVisible", "g"."Status"
          FROM "GameSessions" AS "g"
          WHERE "g"."InviteToken" = @token
          LIMIT 2
      ) AS "g0"
      LEFT JOIN "Players" AS "p" ON "g0"."Id" = "p"."SessionId"
      ORDER BY "g0"."Id"
info: Microsoft.EntityFrameworkCore.Database.Command[20101]
      Executed DbCommand (0ms) [Parameters=[@session_QuizId='?' (DbType = Int32)], CommandType='Text', CommandTimeout='30']
      SELECT "q1"."Id", "q1"."CreatedAt", "q1"."Description", "q1"."OwnerId", "q1"."Title", "q1"."UpdatedAt", "s"."Id", "s"."ConfigJson", "s"."FeatureTypeKey", "s"."Order", "s"."QuizId", "s"."Title", "s"."Id0", "s"."Order0", "s"."PayloadJson", "s"."RoundId"
      FROM (
          SELECT "q"."Id", "q"."CreatedAt", "q"."Description", "q"."OwnerId", "q"."Title", "q"."UpdatedAt"
          FROM "Quizzes" AS "q"
          WHERE "q"."Id" = @session_QuizId
          LIMIT 2
      ) AS "q1"
      LEFT JOIN (
          SELECT "r"."Id", "r"."ConfigJson", "r"."FeatureTypeKey", "r"."Order", "r"."QuizId", "r"."Title", "q0"."Id" AS "Id0", "q0"."Order" AS "Order0", "q0"."PayloadJson", "q0"."RoundId"
          FROM "Rounds" AS "r"
          LEFT JOIN "Questions" AS "q0" ON "r"."Id" = "q0"."RoundId"
      ) AS "s" ON "q1"."Id" = "s"."QuizId"
      ORDER BY "q1"."Id", "s"."Id"
info: Microsoft.EntityFrameworkCore.Database.Command[20101]
      Executed DbCommand (0ms) [Parameters=[@sessionId='?' (DbType = Int32)], CommandType='Text', CommandTimeout='30']
      SELECT "a"."PlayerId", COALESCE(SUM("a"."PointsAwarded"), 0) AS "Total"
      FROM "Answers" AS "a"
      WHERE "a"."SessionId" = @sessionId
      GROUP BY "a"."PlayerId"
info: Microsoft.EntityFrameworkCore.Database.Command[20101]
      Executed DbCommand (0ms) [Parameters=[@sessionId='?' (DbType = Int32)], CommandType='Text', CommandTimeout='30']
      SELECT "s"."PlayerId", COALESCE(SUM("s"."Delta"), 0) AS "Total"
      FROM "ScoreAdjustments" AS "s"
      WHERE "s"."SessionId" = @sessionId
      GROUP BY "s"."PlayerId"
